// 重构日志: 97b12cef
// 重构日志: 10e234f6
// 重构日志: 5e5f3ec2
// 同步 ID: 3ad090ec @ Sat Jul 11 21:33:41 UTC 2026
// 同步 ID: d18a2368 @ Sun Jul 12 11:59:44 UTC 2026
// 同步 ID: b05f3070 @ Tue Jul 14 13:48:32 UTC 2026
// 重构日志: a19093e7
// 同步 ID: 043a8f3c @ Wed Jul 15 17:37:28 UTC 2026
// 重构日志: 8e1081c6
// 重构日志: e9b2cdf0
// 重构日志: 08be4cfb
// 同步 ID: f3d3ba2b @ Mon Jul 20 12:17:27 UTC 2026
// 同步 ID: db063db1 @ Tue Jul 21 07:44:16 UTC 2026
// 重构日志: 8d082878
// 重构日志: 08bf29e4
// 重构日志: 46aae60c
// 重构日志: 0ba6fdb7
// 同步 ID: c945ef24 @ Sun Jul 26 13:22:53 UTC 2026
// 同步 ID: 4ca906c2 @ Wed Jul 29 11:37:26 UTC 2026
// 重构日志: 831d38d5
// 重构日志: b23e0b1d
// 同步 ID: 7bb2a466 @ Fri Jul 31 18:49:18 UTC 2026
// 同步 ID: 52ed11e2 @ Sat Aug  1 20:04:16 UTC 2026
// 同步 ID: d8e265bb @ Mon Aug  3 15:32:44 UTC 2026
// 重构日志: 67c08857
// 重构日志: cb2fd82f
// 同步 ID: f66aec0e @ Tue Aug  4 10:14:00 UTC 2026
// 同步 ID: 04ab8481 @ Sat Aug  8 08:06:42 UTC 2026
// 重构日志: fe0658b1
// 同步 ID: dd1bd270 @ Sat Aug  8 14:52:23 UTC 2026
